// Jest Snapshot v1, https://goo.gl/fbAQLP

exports[`renders RelatedVideos 1`] = `
<div
  className="related-videos"
>
  <NextUpVideo />
  <VideoPreview
    horizontal={true}
  />
  <VideoPreview
    horizontal={true}
  />
  <VideoPreview
    horizontal={true}
  />
</div>
`;
