// Jest Snapshot v1, https://goo.gl/fbAQLP

exports[`renders 1`] = `
<Fragment>
  <HeaderNavContainer />
  <div
    className="app-layout"
  >
    <Switch>
      <Route
        component={[Function]}
        exact={true}
        path="/"
      />
      <Route
        component={[Function]}
        path="/watch"
      />
    </Switch>
  </div>
</Fragment>
`;
