// Jest Snapshot v1, https://goo.gl/fbAQLP

exports[`renders Watch 1`] = `
<Fragment>
  <Video
    id="vDjcWlCT8rg"
  />
  <RelatedVideo />
</Fragment>
`;
