// Jest Snapshot v1, https://goo.gl/fbAQLP

exports[`CommentsHeader renders with props.commentCount = 0 1`] = `
<div
  className="comments-header"
>
  <h4>
     Comments
  </h4>
  <Button
    as="button"
    basic={true}
    className="sort-button"
    compact={true}
    icon={true}
    labelPosition="left"
  >
    <Icon
      as="i"
      name="align left"
    />
    SORT BY
  </Button>
</div>
`;

exports[`CommentsHeader renders with props.commentCount = null 1`] = `
<div
  className="comments-header"
>
  <h4>
     Comments
  </h4>
  <Button
    as="button"
    basic={true}
    className="sort-button"
    compact={true}
    icon={true}
    labelPosition="left"
  >
    <Icon
      as="i"
      name="align left"
    />
    SORT BY
  </Button>
</div>
`;
