// Jest Snapshot v1, https://goo.gl/fbAQLP

exports[`Comments renders with commentCount 1`] = `
<div
  className="comments-container"
>
  <CommentsHeader
    className="comments-header"
    commentCount={402}
  />
  <AddComment />
  <Comment />
  <Comment />
  <Comment />
  <Comment />
  <Comment />
  <Comment />
  <Comment />
  <Comment />
</div>
`;

exports[`Comments renders without props 1`] = `
<div
  className="comments-container"
>
  <CommentsHeader
    className="comments-header"
    commentCount={402}
  />
  <AddComment />
  <Comment />
  <Comment />
  <Comment />
  <Comment />
  <Comment />
  <Comment />
  <Comment />
  <Comment />
</div>
`;
