// Jest Snapshot v1, https://goo.gl/fbAQLP

exports[`AddComment renders correctly 1`] = `
<div
  className="add-comment"
>
  <Image
    as="img"
    circular={true}
    className="user-image"
    src="http://via.placeholder.com/48x48"
    ui={true}
  />
  <Form
    as="form"
  >
    <TextArea
      as="textarea"
      autoHeight={true}
      control={[Function]}
      placeholder="Add a public comment..."
      rows={1}
    />
  </Form>
</div>
`;
