// Jest Snapshot v1, https://goo.gl/fbAQLP

exports[`HomeContent renders 1`] = `
<ContextConsumer>
  <Component />
</ContextConsumer>
`;
