// Jest Snapshot v1, https://goo.gl/fbAQLP

exports[`renders SideBarFooter 1`] = `
<Fragment>
  <div
    className="footer-block"
  >
    <div>
      About Press Copyright
    </div>
    <div>
      Creators Advertise
    </div>
    <div>
      Developers +MyTube
    </div>
    <div>
      Legal
    </div>
  </div>
  <div
    className="footer-block"
  >
    <div>
      Terms Privacy
    </div>
    <div>
      Policy & Safety
    </div>
    <div>
      Test new features
    </div>
  </div>
  <div
    className="footer-block"
  >
    <div>
      All prices include VAT
    </div>
  </div>
  <div
    className="footer-block"
  >
    <div>
      A Youtube clone used as a portfolio piece.
    </div>
  </div>
</Fragment>
`;
